anurose@anurose-HP-Spectre-x360-Convertible-13-ae0xx:~$ sudo apt install apache2
[sudo] password for anurose: 
Reading package lists... Done
Building dependency tree       
Reading state information... Done
The following additional packages will be installed:
  apache2-bin apache2-data apache2-utils libaprutil1-dbd-sqlite3 libaprutil1-ldap liblua5.2-0
Suggested packages:
  apache2-doc apache2-suexec-pristine | apache2-suexec-custom
The following NEW packages will be installed:
  apache2 apache2-bin apache2-data apache2-utils libaprutil1-dbd-sqlite3 libaprutil1-ldap liblua5.2-0
0 upgraded, 7 newly installed, 0 to remove and 0 not upgraded.
Need to get 1,538 kB of archives.
After this operation, 6,390 kB of additional disk space will be used.
Do you want to continue? [Y/n] y
Get:1 http://in.archive.ubuntu.com/ubuntu bionic/main amd64 libaprutil1-dbd-sqlite3 amd64 1.6.1-2 [10.6 kB]
Get:2 http://in.archive.ubuntu.com/ubuntu bionic/main amd64 libaprutil1-ldap amd64 1.6.1-2 [8,764 B]
Get:3 http://in.archive.ubuntu.com/ubuntu bionic/main amd64 liblua5.2-0 amd64 5.2.4-1.1build1 [108 kB]
Get:4 http://in.archive.ubuntu.com/ubuntu bionic-updates/main amd64 apache2-bin amd64 2.4.29-1ubuntu4.5 [1,071 kB]
Get:5 http://in.archive.ubuntu.com/ubuntu bionic-updates/main amd64 apache2-utils amd64 2.4.29-1ubuntu4.5 [83.3 kB]                                 
Get:6 http://in.archive.ubuntu.com/ubuntu bionic-updates/main amd64 apache2-data all 2.4.29-1ubuntu4.5 [160 kB]                                     
Get:7 http://in.archive.ubuntu.com/ubuntu bionic-updates/main amd64 apache2 amd64 2.4.29-1ubuntu4.5 [95.1 kB]                                       
Fetched 1,538 kB in 14s (108 kB/s)  
Selecting previously unselected package libaprutil1-dbd-sqlite3:amd64.
(Reading database ... 187456 files and directories currently installed.)
Preparing to unpack .../0-libaprutil1-dbd-sqlite3_1.6.1-2_amd64.deb ...
Unpacking libaprutil1-dbd-sqlite3:amd64 (1.6.1-2) ...
Selecting previously unselected package libaprutil1-ldap:amd64.
Preparing to unpack .../1-libaprutil1-ldap_1.6.1-2_amd64.deb ...
Unpacking libaprutil1-ldap:amd64 (1.6.1-2) ...
Selecting previously unselected package liblua5.2-0:amd64.
Preparing to unpack .../2-liblua5.2-0_5.2.4-1.1build1_amd64.deb ...
Unpacking liblua5.2-0:amd64 (5.2.4-1.1build1) ...
Selecting previously unselected package apache2-bin.
Preparing to unpack .../3-apache2-bin_2.4.29-1ubuntu4.5_amd64.deb ...
Unpacking apache2-bin (2.4.29-1ubuntu4.5) ...
Selecting previously unselected package apache2-utils.
Preparing to unpack .../4-apache2-utils_2.4.29-1ubuntu4.5_amd64.deb ...
Unpacking apache2-utils (2.4.29-1ubuntu4.5) ...
Selecting previously unselected package apache2-data.
Preparing to unpack .../5-apache2-data_2.4.29-1ubuntu4.5_all.deb ...
Unpacking apache2-data (2.4.29-1ubuntu4.5) ...
Selecting previously unselected package apache2.
Preparing to unpack .../6-apache2_2.4.29-1ubuntu4.5_amd64.deb ...
Unpacking apache2 (2.4.29-1ubuntu4.5) ...
Processing triggers for ufw (0.35-5) ...
Processing triggers for ureadahead (0.100.0-20) ...
Setting up libaprutil1-dbd-sqlite3:amd64 (1.6.1-2) ...
Setting up apache2-utils (2.4.29-1ubuntu4.5) ...
Setting up apache2-data (2.4.29-1ubuntu4.5) ...
Processing triggers for libc-bin (2.27-3ubuntu1) ...
Processing triggers for systemd (237-3ubuntu10.15) ...
Processing triggers for man-db (2.8.3-2ubuntu0.1) ...
Setting up liblua5.2-0:amd64 (5.2.4-1.1build1) ...
Setting up libaprutil1-ldap:amd64 (1.6.1-2) ...
Setting up apache2-bin (2.4.29-1ubuntu4.5) ...
Setting up apache2 (2.4.29-1ubuntu4.5) ...
Enabling module mpm_event.
Enabling module authz_core.
Enabling module authz_host.
Enabling module authn_core.
Enabling module auth_basic.
Enabling module access_compat.
Enabling module authn_file.
Enabling module authz_user.
Enabling module alias.
Enabling module dir.
Enabling module autoindex.
Enabling module env.
Enabling module mime.
Enabling module negotiation.
Enabling module setenvif.
Enabling module filter.
Enabling module deflate.
Enabling module status.
Enabling module reqtimeout.
Enabling conf charset.
Enabling conf localized-error-pages.
Enabling conf other-vhosts-access-log.
Enabling conf security.
Enabling conf serve-cgi-bin.
Enabling site 000-default.
Created symlink /etc/systemd/system/multi-user.target.wants/apache2.service → /lib/systemd/system/apache2.service.
Created symlink /etc/systemd/system/multi-user.target.wants/apache-htcacheclean.service → /lib/systemd/system/apache-htcacheclean.service.
Processing triggers for libc-bin (2.27-3ubuntu1) ...
Processing triggers for systemd (237-3ubuntu10.15) ...
Processing triggers for ureadahead (0.100.0-20) ...
Processing triggers for ufw (0.35-5) ...
anurose@anurose-HP-Spectre-x360-Convertible-13-ae0xx:~$ sudo ufw app list
Available applications:
  Apache
  Apache Full
  Apache Secure
  CUPS
  OpenSSH
anurose@anurose-HP-Spectre-x360-Convertible-13-ae0xx:~$ sudo ufw allow 'Apache'
Rules updated
Rules updated (v6)
anurose@anurose-HP-Spectre-x360-Convertible-13-ae0xx:~$ sudo utw status
sudo: utw: command not found
anurose@anurose-HP-Spectre-x360-Convertible-13-ae0xx:~$ sudo ufw status
Status: inactive
anurose@anurose-HP-Spectre-x360-Convertible-13-ae0xx:~$ sudo systemct1 status apache2
sudo: systemct1: command not found
anurose@anurose-HP-Spectre-x360-Convertible-13-ae0xx:~$ sudo systemctl status apache2
● apache2.service - The Apache HTTP Server
   Loaded: loaded (/lib/systemd/system/apache2.service; enabled; vendor preset: enabled)
  Drop-In: /lib/systemd/system/apache2.service.d
           └─apache2-systemd.conf
   Active: active (running) since Thu 2019-04-04 10:58:41 IST; 3min 43s ago
 Main PID: 6480 (apache2)
    Tasks: 55 (limit: 4915)
   CGroup: /system.slice/apache2.service
           ├─6480 /usr/sbin/apache2 -k start
           ├─6481 /usr/sbin/apache2 -k start
           └─6482 /usr/sbin/apache2 -k start

Apr 04 10:58:41 anurose-HP-Spectre-x360-Convertible-13-ae0xx systemd[1]: Starting The Apache HTTP Server...
Apr 04 10:58:41 anurose-HP-Spectre-x360-Convertible-13-ae0xx apachectl[6469]: AH00558: apache2: Could not reliably determine the server's fully quali
Apr 04 10:58:41 anurose-HP-Spectre-x360-Convertible-13-ae0xx systemd[1]: Started The Apache HTTP Server.
...skipping...

                   SUMMARY OF LESS COMMANDS

      Commands marked with * may be preceded by a number, N.
      Notes in parentheses indicate the behavior if N is given.
      A key preceded by a caret indicates the Ctrl key; thus ^K is ctrl-K.

  h  H                 Display this help.
  q  :q  Q  :Q  ZZ     Exit.
 ---------------------------------------------------------------------------

                           MOVING

  e  ^E  j  ^N  CR  *  Forward  one line   (or N lines).
  y  ^Y  k  ^K  ^P  *  Backward one line   (or N lines).
  f  ^F  ^V  SPACE  *  Forward  one window (or N lines).
  b  ^B  ESC-v      *  Backward one window (or N lines).
  z                 *  Forward  one window (and set window to N).
  w                 *  Backward one window (and set window to N).
  ESC-SPACE         *  Forward  one window, but don't stop at end-of-file.
  d  ^D             *  Forward  one half-window (and set half-window to N).
  u  ^U             *  Backward one half-window (and set half-window to N).
  ESC-)  RightArrow *  Right one half screen width (or N positions).
  ESC-(  LeftArrow  *  Left  one half screen width (or N positions).
  ESC-}  ^RightArrow   Right to last column displayed.
  ESC-{  ^LeftArrow    Left  to first column.
  F                    Forward forever; like "tail -f".
  ESC-F                Like F but stop when search pattern is found.
  r  ^R  ^L            Repaint screen.
  R                    Repaint screen, discarding buffered input.
        ---------------------------------------------------
        Default "window" is the screen height.
        Default "half-window" is half of the screen height.
 ---------------------------------------------------------------------------

                          SEARCHING

HELP -- Press RETURN for more, or q when done...skipping...
● apache2.service - The Apache HTTP Server
   Loaded: loaded (/lib/systemd/system/apache2.service; enabled; vendor preset: enabled)
  Drop-In: /lib/systemd/system/apache2.service.d
           └─apache2-systemd.conf
   Active: active (running) since Thu 2019-04-04 10:58:41 IST; 3min 43s ago
 Main PID: 6480 (apache2)
    Tasks: 55 (limit: 4915)
   CGroup: /system.slice/apache2.service
           ├─6480 /usr/sbin/apache2 -k start
           ├─6481 /usr/sbin/apache2 -k start
           └─6482 /usr/sbin/apache2 -k start

Apr 04 10:58:41 anurose-HP-Spectre-x360-Convertible-13-ae0xx systemd[1]: Starting The Apache HTTP Server...
Apr 04 10:58:41 anurose-HP-Spectre-x360-Convertible-13-ae0xx apachectl[6469]: AH00558: apache2: Could not reliably determine the server's fully quali
Apr 04 10:58:41 anurose-HP-Spectre-x360-Convertible-13-ae0xx systemd[1]: Started The Apache HTTP Server.
~
~
~
~
~
~
~
~
~
~
~
~
~
~
~
~
~
~
~
~
~
~
anurose@anurose-HP-Spectre-x360-Convertible-13-ae0xx:~$ sudo utw status
sudo: utw: command not found
anurose@anurose-HP-Spectre-x360-Convertible-13-ae0xx:~$ sudo ufw status
Status: inactive
anurose@anurose-HP-Spectre-x360-Convertible-13-ae0xx:~$ sudo ufw status
Status: inactive
anurose@anurose-HP-Spectre-x360-Convertible-13-ae0xx:~$ sudo systemctl status apache2
● apache2.service - The Apache HTTP Server
   Loaded: loaded (/lib/systemd/system/apache2.service; enabled; vendor preset: enabled)
  Drop-In: /lib/systemd/system/apache2.service.d
           └─apache2-systemd.conf
   Active: active (running) since Thu 2019-04-04 10:58:41 IST; 5min ago
 Main PID: 6480 (apache2)
    Tasks: 55 (limit: 4915)
   CGroup: /system.slice/apache2.service
           ├─6480 /usr/sbin/apache2 -k start
           ├─6481 /usr/sbin/apache2 -k start
           └─6482 /usr/sbin/apache2 -k start

Apr 04 10:58:41 anurose-HP-Spectre-x360-Convertible-13-ae0xx systemd[1]: Starting The Apache HTTP Server...
Apr 04 10:58:41 anurose-HP-Spectre-x360-Convertible-13-ae0xx apachectl[6469]: AH00558: apache2: Could not reliably determine the server's fully quali
Apr 04 10:58:41 anurose-HP-Spectre-x360-Convertible-13-ae0xx systemd[1]: Started The Apache HTTP Server.

anurose@anurose-HP-Spectre-x360-Convertible-13-ae0xx:~$ sudo systemctl start apache2
anurose@anurose-HP-Spectre-x360-Convertible-13-ae0xx:~$ sudo ufw status
Status: inactive
anurose@anurose-HP-Spectre-x360-Convertible-13-ae0xx:~$ systemctl status apache2
● apache2.service - The Apache HTTP Server
   Loaded: loaded (/lib/systemd/system/apache2.service; enabled; vendor preset: enabled)
  Drop-In: /lib/systemd/system/apache2.service.d
           └─apache2-systemd.conf
   Active: active (running) since Thu 2019-04-04 10:58:41 IST; 7min ago
 Main PID: 6480 (apache2)
    Tasks: 55 (limit: 4915)
   CGroup: /system.slice/apache2.service
           ├─6480 /usr/sbin/apache2 -k start
           ├─6481 /usr/sbin/apache2 -k start
           └─6482 /usr/sbin/apache2 -k start

Apr 04 10:58:41 anurose-HP-Spectre-x360-Convertible-13-ae0xx systemd[1]: Starting The Apache HTTP Server...
Apr 04 10:58:41 anurose-HP-Spectre-x360-Convertible-13-ae0xx apachectl[6469]: AH00558: apache2: Could not reliably determine the server's fully quali
Apr 04 10:58:41 anurose-HP-Spectre-x360-Convertible-13-ae0xx systemd[1]: Started The Apache HTTP Server.

anurose@anurose-HP-Spectre-x360-Convertible-13-ae0xx:~$ ip
ip                          ipcmk                       ipod-time-sync              iptables                    iptunnel
ip6tables                   ipcrm                       ippfind                     iptables-apply              
ip6tables-apply             ipcs                        ippserver                   iptables-restore            
ip6tables-restore           ipmaddr                     ipptool                     iptables-save               
ip6tables-save              ipod-read-sysinfo-extended  ippusbxd                    iptables-xml                
anurose@anurose-HP-Spectre-x360-Convertible-13-ae0xx:~$ ip addr show eth0 | grep inet | awk '{ print $2; }' | sed 's/\/.*$//'
Device "eth0" does not exist.
anurose@anurose-HP-Spectre-x360-Convertible-13-ae0xx:~$ ip addr show eth0 | grep inet | awk '{ print $2; }' | sed 's/\/.*$//'
Device "eth0" does not exist.
anurose@anurose-HP-Spectre-x360-Convertible-13-ae0xx:~$ ifconfig
lo: flags=73<UP,LOOPBACK,RUNNING>  mtu 65536
        inet 127.0.0.1  netmask 255.0.0.0
        inet6 ::1  prefixlen 128  scopeid 0x10<host>
        loop  txqueuelen 1000  (Local Loopback)
        RX packets 5502  bytes 576423 (576.4 KB)
        RX errors 0  dropped 0  overruns 0  frame 0
        TX packets 5502  bytes 576423 (576.4 KB)
        TX errors 0  dropped 0 overruns 0  carrier 0  collisions 0

wlp2s0: flags=4163<UP,BROADCAST,RUNNING,MULTICAST>  mtu 1500
        inet 192.168.43.64  netmask 255.255.255.0  broadcast 192.168.43.255
        inet6 fe80::5040:a392:a33a:bf26  prefixlen 64  scopeid 0x20<link>
        ether 20:16:b9:46:b9:64  txqueuelen 1000  (Ethernet)
        RX packets 51700  bytes 36900196 (36.9 MB)
        RX errors 0  dropped 0  overruns 0  frame 0
        TX packets 50538  bytes 7572920 (7.5 MB)
        TX errors 0  dropped 0 overruns 0  carrier 0  collisions 0

anurose@anurose-HP-Spectre-x360-Convertible-13-ae0xx:~$ ip addr show wlp2s0 | grep inet | awk '{ print $2; }' | sed 's/\/.*$//'
192.168.43.64
fe80::5040:a392:a33a:bf26
anurose@anurose-HP-Spectre-x360-Convertible-13-ae0xx:~$ 192.168.43.64
192.168.43.64: command not found
anurose@anurose-HP-Spectre-x360-Convertible-13-ae0xx:~$ 
 sudo gedit /var/www/html/index.html
[sudo] password for anurose: 

(gedit:2765): IBUS-WARNING **: 12:08:40.129: The owner of /home/anurose/.config/ibus/bus is not root!

** (gedit:2765): WARNING **: 12:09:46.180: Set document metadata failed: Setting attribute metadata::gedit-spell-language not supported

** (gedit:2765): WARNING **: 12:09:46.180: Set document metadata failed: Setting attribute metadata::gedit-encoding not supported

** (gedit:2765): WARNING **: 12:09:52.506: Set document metadata failed: Setting attribute metadata::gedit-spell-language not supported

** (gedit:2765): WARNING **: 12:09:52.507: Set document metadata failed: Setting attribute metadata::gedit-encoding not supported
^C
anurose@anurose-HP-Spectre-x360-Convertible-13-ae0xx:~$ ip
Usage: ip [ OPTIONS ] OBJECT { COMMAND | help }
       ip [ -force ] -batch filename
where  OBJECT := { link | address | addrlabel | route | rule | neigh | ntable |
                   tunnel | tuntap | maddress | mroute | mrule | monitor | xfrm |
                   netns | l2tp | fou | macsec | tcp_metrics | token | netconf | ila |
                   vrf | sr }
       OPTIONS := { -V[ersion] | -s[tatistics] | -d[etails] | -r[esolve] |
                    -h[uman-readable] | -iec |
                    -f[amily] { inet | inet6 | ipx | dnet | mpls | bridge | link } |
                    -4 | -6 | -I | -D | -B | -0 |
                    -l[oops] { maximum-addr-flush-attempts } | -br[ief] |
                    -o[neline] | -t[imestamp] | -ts[hort] | -b[atch] [filename] |
                    -rc[vbuf] [size] | -n[etns] name | -a[ll] | -c[olor]}
anurose@anurose-HP-Spectre-x360-Convertible-13-ae0xx:~$ ifconfig
lo: flags=73<UP,LOOPBACK,RUNNING>  mtu 65536
        inet 127.0.0.1  netmask 255.0.0.0
        inet6 ::1  prefixlen 128  scopeid 0x10<host>
        loop  txqueuelen 1000  (Local Loopback)
        RX packets 570  bytes 57278 (57.2 KB)
        RX errors 0  dropped 0  overruns 0  frame 0
        TX packets 570  bytes 57278 (57.2 KB)
        TX errors 0  dropped 0 overruns 0  carrier 0  collisions 0

wlp2s0: flags=4163<UP,BROADCAST,RUNNING,MULTICAST>  mtu 1500
        inet 192.168.43.134  netmask 255.255.255.0  broadcast 192.168.43.255
        inet6 fe80::1847:f7e3:1288:438a  prefixlen 64  scopeid 0x20<link>
        ether 20:16:b9:46:b9:64  txqueuelen 1000  (Ethernet)
        RX packets 2869  bytes 1782322 (1.7 MB)
        RX errors 0  dropped 0  overruns 0  frame 0
        TX packets 3143  bytes 501229 (501.2 KB)
        TX errors 0  dropped 0 overruns 0  carrier 0  collisions 0

anurose@anurose-HP-Spectre-x360-Convertible-13-ae0xx:~$ sudo gedit /var/www/html/index.html

(gedit:2818): IBUS-WARNING **: 12:11:18.347: The owner of /home/anurose/.config/ibus/bus is not root!

** (gedit:2818): WARNING **: 12:12:09.603: Set document metadata failed: Setting attribute metadata::gedit-spell-language not supported

** (gedit:2818): WARNING **: 12:12:09.603: Set document metadata failed: Setting attribute metadata::gedit-encoding not supported

** (gedit:2818): WARNING **: 12:12:13.095: Set document metadata failed: Setting attribute metadata::gedit-spell-language not supported

** (gedit:2818): WARNING **: 12:12:13.095: Set document metadata failed: Setting attribute metadata::gedit-encoding not supported

